SeaBIOS (version ArchLinux 1.14.0-1)


iPXE (http://ipxe.org) 00:03.0 CA00 PCI2.10 PnP PMM+31F913A0+31EF13A0 CA00
Press Ctrl-B to configure iPXE (PCI 00:03.0)...                                                                               


Booting from ROM...
c[?7l[2J[    0.000000] Linux version 5.6.0-10592-g762bd2830afe (iomonad@darknet) (gcc version 10.2.0 (GCC)) #16 SMP Thu Sep 24 16:29:19 CEST 2020
[    0.000000] Command line: console=ttyS0 
[    0.000000] x86/fpu: x87 FPU will use FXSAVE
[    0.000000] BIOS-provided physical RAM map:
[    0.000000] BIOS-e820: [mem 0x0000000000000000-0x000000000009fbff] usable
[    0.000000] BIOS-e820: [mem 0x000000000009fc00-0x000000000009ffff] reserved
[    0.000000] BIOS-e820: [mem 0x00000000000f0000-0x00000000000fffff] reserved
[    0.000000] BIOS-e820: [mem 0x0000000000100000-0x0000000031fdffff] usable
[    0.000000] BIOS-e820: [mem 0x0000000031fe0000-0x0000000031ffffff] reserved
[    0.000000] BIOS-e820: [mem 0x00000000fffc0000-0x00000000ffffffff] reserved
[    0.000000] NX (Execute Disable) protection: active
[    0.000000] SMBIOS 2.8 present.
[    0.000000] DMI: QEMU Standard PC (i440FX + PIIX, 1996), BIOS ArchLinux 1.14.0-1 04/01/2014
[    0.000000] tsc: Fast TSC calibration using PIT
[    0.000000] tsc: Detected 2491.873 MHz processor
[    0.011417] last_pfn = 0x31fe0 max_arch_pfn = 0x400000000
[    0.012610] x86/PAT: Configuration [0-7]: WB  WC  UC- UC  WB  WP  UC- WT  
[    0.025488] found SMP MP-table at [mem 0x000f5ce0-0x000f5cef]
[    0.027438] check: Scanning 1 areas for low memory corruption
[    0.032109] RAMDISK: [mem 0x31647000-0x31fdffff]
[    0.032747] ACPI: Early table checksum verification disabled
[    0.033134] ACPI: RSDP 0x00000000000F5B20 000014 (v00 BOCHS )
[    0.033408] ACPI: RSDT 0x0000000031FE14D2 000034 (v01 BOCHS  BXPCRSDT 00000001 BXPC 00000001)
[    0.034066] ACPI: FACP 0x0000000031FE1386 000074 (v01 BOCHS  BXPCFACP 00000001 BXPC 00000001)
[    0.034646] ACPI: DSDT 0x0000000031FE0040 001346 (v01 BOCHS  BXPCDSDT 00000001 BXPC 00000001)
[    0.034740] ACPI: FACS 0x0000000031FE0000 000040
[    0.034806] ACPI: APIC 0x0000000031FE13FA 000078 (v01 BOCHS  BXPCAPIC 00000001 BXPC 00000001)
[    0.034847] ACPI: HPET 0x0000000031FE1472 000038 (v01 BOCHS  BXPCHPET 00000001 BXPC 00000001)
[    0.034877] ACPI: WAET 0x0000000031FE14AA 000028 (v01 BOCHS  BXPCWAET 00000001 BXPC 00000001)
[    0.037470] No NUMA configuration found
[    0.037500] Faking a node at [mem 0x0000000000000000-0x0000000031fdffff]
[    0.038295] NODE_DATA(0) allocated [mem 0x31643000-0x31646fff]
[    0.041093] Zone ranges:
[    0.041184]   DMA      [mem 0x0000000000001000-0x0000000000ffffff]
[    0.041240]   DMA32    [mem 0x0000000001000000-0x0000000031fdffff]
[    0.041254]   Normal   empty
[    0.041281] Movable zone start for each node
[    0.041324] Early memory node ranges
[    0.041365]   node   0: [mem 0x0000000000001000-0x000000000009efff]
[    0.041522]   node   0: [mem 0x0000000000100000-0x0000000031fdffff]
[    0.045116] Zeroed struct page in unavailable ranges: 24706 pages
[    0.045340] Initmem setup node 0 [mem 0x0000000000001000-0x0000000031fdffff]
[    0.076088] ACPI: PM-Timer IO Port: 0x608
[    0.076620] ACPI: LAPIC_NMI (acpi_id[0xff] dfl dfl lint[0x1])
[    0.077061] IOAPIC[0]: apic_id 0, version 32, address 0xfec00000, GSI 0-23
[    0.077207] ACPI: INT_SRC_OVR (bus 0 bus_irq 0 global_irq 2 dfl dfl)
[    0.077528] ACPI: INT_SRC_OVR (bus 0 bus_irq 5 global_irq 5 high level)
[    0.077571] ACPI: INT_SRC_OVR (bus 0 bus_irq 9 global_irq 9 high level)
[    0.077678] ACPI: INT_SRC_OVR (bus 0 bus_irq 10 global_irq 10 high level)
[    0.077692] ACPI: INT_SRC_OVR (bus 0 bus_irq 11 global_irq 11 high level)
[    0.077932] Using ACPI (MADT) for SMP configuration information
[    0.077993] ACPI: HPET id: 0x8086a201 base: 0xfed00000
[    0.078401] smpboot: Allowing 1 CPUs, 0 hotplug CPUs
[    0.079389] PM: hibernation: Registered nosave memory: [mem 0x00000000-0x00000fff]
[    0.079445] PM: hibernation: Registered nosave memory: [mem 0x0009f000-0x0009ffff]
[    0.079479] PM: hibernation: Registered nosave memory: [mem 0x000a0000-0x000effff]
[    0.079490] PM: hibernation: Registered nosave memory: [mem 0x000f0000-0x000fffff]
[    0.079624] [mem 0x32000000-0xfffbffff] available for PCI devices
[    0.080039] clocksource: refined-jiffies: mask: 0xffffffff max_cycles: 0xffffffff, max_idle_ns: 1910969940391419 ns
[    0.094224] setup_percpu: NR_CPUS:64 nr_cpumask_bits:64 nr_cpu_ids:1 nr_node_ids:1
[    0.103687] percpu: Embedded 53 pages/cpu s176536 r8192 d32360 u2097152
[    0.106362] Built 1 zonelists, mobility grouping on.  Total pages: 201449
[    0.106384] Policy zone: DMA32
[    0.106591] Kernel command line: console=ttyS0 
[    0.110961] Dentry cache hash table entries: 131072 (order: 8, 1048576 bytes, linear)
[    0.112788] Inode-cache hash table entries: 65536 (order: 7, 524288 bytes, linear)
[    0.114309] mem auto-init: stack:off, heap alloc:off, heap free:off
[    0.123170] Memory: 763896K/818680K available (14340K kernel code, 1507K rwdata, 3336K rodata, 1168K init, 1032K bss, 54784K reserved, 0K cma-reserved)
[    0.128320] SLUB: HWalign=64, Order=0-3, MinObjects=0, CPUs=1, Nodes=1
[    0.136963] rcu: Hierarchical RCU implementation.
[    0.136994] rcu: 	RCU event tracing is enabled.
[    0.137034] rcu: 	RCU restricting CPUs from NR_CPUS=64 to nr_cpu_ids=1.
[    0.137192] rcu: RCU calculated value of scheduler-enlistment delay is 100 jiffies.
[    0.137230] rcu: Adjusting geometry for rcu_fanout_leaf=16, nr_cpu_ids=1
[    0.139865] NR_IRQS: 4352, nr_irqs: 256, preallocated irqs: 16
[    0.149585] random: get_random_bytes called from start_kernel+0x2f0/0x4bd with crng_init=0
[    0.155177] Console: colour VGA+ 80x25
[    0.178100] printk: console [ttyS0] enabled
[    0.179182] ACPI: Core revision 20200214
[    0.184422] clocksource: hpet: mask: 0xffffffff max_cycles: 0xffffffff, max_idle_ns: 19112604467 ns
[    0.189497] APIC: Switch to symmetric I/O mode setup
[    0.194824] ..TIMER: vector=0x30 apic1=0 pin1=2 apic2=-1 pin2=-1
[    0.200133] clocksource: tsc-early: mask: 0xffffffffffffffff max_cycles: 0x23eb3c7ebe0, max_idle_ns: 440795206102 ns
[    0.201224] Calibrating delay loop (skipped), value calculated using timer frequency.. 4983.74 BogoMIPS (lpj=2491873)
[    0.202118] pid_max: default: 32768 minimum: 301
[    0.203711] LSM: Security Framework initializing
[    0.205701] SELinux:  Initializing.
[    0.207579] Mount-cache hash table entries: 2048 (order: 2, 16384 bytes, linear)
[    0.208118] Mountpoint-cache hash table entries: 2048 (order: 2, 16384 bytes, linear)
[    0.267042] Last level iTLB entries: 4KB 0, 2MB 0, 4MB 0
[    0.268018] Last level dTLB entries: 4KB 0, 2MB 0, 4MB 0, 1GB 0
[    0.270066] Spectre V1 : Mitigation: usercopy/swapgs barriers and __user pointer sanitization
[    0.272129] Spectre V2 : Mitigation: Full AMD retpoline
[    0.273091] Spectre V2 : Spectre v2 / SpectreRSB mitigation: Filling RSB on context switch
[    0.274194] Speculative Store Bypass: Vulnerable
[    0.444196] random: fast init done
[    1.107380] Freeing SMP alternatives memory: 40K
[    1.254970] smpboot: CPU0: AMD QEMU Virtual CPU version 2.5+ (family: 0x6, model: 0x6, stepping: 0x3)
[    1.269237] Performance Events: PMU not available due to virtualization, using software events only.
[    1.273835] rcu: Hierarchical SRCU implementation.
[    1.289945] Huh? What family is it: 0x6?!
[    1.295025] smp: Bringing up secondary CPUs ...
[    1.296285] smp: Brought up 1 node, 1 CPU
[    1.297217] smpboot: Max logical packages: 1
[    1.299105] smpboot: Total of 1 processors activated (4983.74 BogoMIPS)
[    1.354639] devtmpfs: initialized
[    1.392673] clocksource: jiffies: mask: 0xffffffff max_cycles: 0xffffffff, max_idle_ns: 1911260446275000 ns
[    1.394521] futex hash table entries: 256 (order: 2, 16384 bytes, linear)
[    1.414970] PM: RTC time: 14:44:41, date: 2020-09-24
[    1.417908] thermal_sys: Registered thermal governor 'step_wise'
[    1.418406] thermal_sys: Registered thermal governor 'user_space'
[    1.442313] NET: Registered protocol family 16
[    1.456864] audit: initializing netlink subsys (disabled)
[    1.466174] audit: type=2000 audit(1600958680.275:1): state=initialized audit_enabled=0 res=1
[    1.484597] cpuidle: using governor menu
[    1.490483] ACPI: bus type PCI registered
[    1.501444] PCI: Using configuration type 1 for base access
[    1.688183] HugeTLB registered 2.00 MiB page size, pre-allocated 0 pages
[    1.721940] cryptomgr_test (19) used greatest stack depth: 15448 bytes left
[    1.739095] kworker/u2:0 (21) used greatest stack depth: 14664 bytes left
[    1.785259] ACPI: Added _OSI(Module Device)
[    1.785536] ACPI: Added _OSI(Processor Device)
[    1.785766] ACPI: Added _OSI(3.0 _SCP Extensions)
[    1.785970] ACPI: Added _OSI(Processor Aggregator Device)
[    1.786422] ACPI: Added _OSI(Linux-Dell-Video)
[    1.786654] ACPI: Added _OSI(Linux-Lenovo-NV-HDMI-Audio)
[    1.787045] ACPI: Added _OSI(Linux-HPI-Hybrid-Graphics)
[    1.809395] ACPI: 1 ACPI AML tables successfully acquired and loaded
[    1.827910] ACPI: Interpreter enabled
[    1.829275] ACPI: (supports S0 S3 S4 S5)
[    1.829538] ACPI: Using IOAPIC for interrupt routing
[    1.830318] PCI: Using host bridge windows from ACPI; if necessary, use "pci=nocrs" and report a bug
[    1.832774] ACPI: Enabled 2 GPEs in block 00 to 0F
[    1.925970] ACPI: PCI Root Bridge [PCI0] (domain 0000 [bus 00-ff])
[    1.929451] acpi PNP0A03:00: _OSC: OS supports [ASPM ClockPM Segments MSI HPX-Type3]
[    1.933771] acpi PNP0A03:00: fail to add MMCONFIG information, can't access extended PCI configuration space under this bridge.
[    1.946170] PCI host bridge to bus 0000:00
[    1.948198] pci_bus 0000:00: root bus resource [io  0x0000-0x0cf7 window]
[    1.948966] pci_bus 0000:00: root bus resource [io  0x0d00-0xffff window]
[    1.949970] pci_bus 0000:00: root bus resource [mem 0x000a0000-0x000bffff window]
[    1.950658] pci_bus 0000:00: root bus resource [mem 0x32000000-0xfebfffff window]
[    1.951023] pci_bus 0000:00: root bus resource [mem 0x100000000-0x17fffffff window]
[    1.952313] pci_bus 0000:00: root bus resource [bus 00-ff]
[    1.954677] pci 0000:00:00.0: [8086:1237] type 00 class 0x060000
[    1.967069] pci 0000:00:01.0: [8086:7000] type 00 class 0x060100
[    1.973970] pci 0000:00:01.1: [8086:7010] type 00 class 0x010180
[    1.978591] pci 0000:00:01.1: reg 0x20: [io  0xc040-0xc04f]
[    1.983351] pci 0000:00:01.1: legacy IDE quirk: reg 0x10: [io  0x01f0-0x01f7]
[    1.984155] pci 0000:00:01.1: legacy IDE quirk: reg 0x14: [io  0x03f6]
[    1.986078] pci 0000:00:01.1: legacy IDE quirk: reg 0x18: [io  0x0170-0x0177]
[    1.987139] pci 0000:00:01.1: legacy IDE quirk: reg 0x1c: [io  0x0376]
[    1.994274] pci 0000:00:01.3: [8086:7113] type 00 class 0x068000
[    1.997615] pci 0000:00:01.3: quirk: [io  0x0600-0x063f] claimed by PIIX4 ACPI
[    1.999211] pci 0000:00:01.3: quirk: [io  0x0700-0x070f] claimed by PIIX4 SMB
[    2.004559] pci 0000:00:02.0: [1234:1111] type 00 class 0x030000
[    2.008414] pci 0000:00:02.0: reg 0x10: [mem 0xfd000000-0xfdffffff pref]
[    2.014165] pci 0000:00:02.0: reg 0x18: [mem 0xfebf0000-0xfebf0fff]
[    2.021218] pci 0000:00:02.0: reg 0x30: [mem 0xfebe0000-0xfebeffff pref]
[    2.030195] pci 0000:00:03.0: [8086:100e] type 00 class 0x020000
[    2.034189] pci 0000:00:03.0: reg 0x10: [mem 0xfebc0000-0xfebdffff]
[    2.037173] pci 0000:00:03.0: reg 0x14: [io  0xc000-0xc03f]
[    2.049263] pci 0000:00:03.0: reg 0x30: [mem 0xfeb80000-0xfebbffff pref]
[    2.084263] ACPI: PCI Interrupt Link [LNKA] (IRQs 5 *10 11)
[    2.089465] ACPI: PCI Interrupt Link [LNKB] (IRQs 5 *10 11)
[    2.094196] ACPI: PCI Interrupt Link [LNKC] (IRQs 5 10 *11)
[    2.098279] ACPI: PCI Interrupt Link [LNKD] (IRQs 5 10 *11)
[    2.101233] ACPI: PCI Interrupt Link [LNKS] (IRQs *9)
[    2.114202] iommu: Default domain type: Translated 
[    2.132948] pci 0000:00:02.0: vgaarb: setting as boot VGA device
[    2.132970] pci 0000:00:02.0: vgaarb: VGA device added: decodes=io+mem,owns=io+mem,locks=none
[    2.133250] pci 0000:00:02.0: vgaarb: bridge control possible
[    2.135049] vgaarb: loaded
[    2.142238] SCSI subsystem initialized
[    2.150276] ACPI: bus type USB registered
[    2.153240] usbcore: registered new interface driver usbfs
[    2.156127] usbcore: registered new interface driver hub
[    2.158301] usbcore: registered new device driver usb
[    2.161771] pps_core: LinuxPPS API ver. 1 registered
[    2.162072] pps_core: Software ver. 5.3.6 - Copyright 2005-2007 Rodolfo Giometti <giometti@linux.it>
[    2.164064] PTP clock support registered
[    2.168262] EDAC MC: Ver: 3.0.0
[    2.179261] Advanced Linux Sound Architecture Driver Initialized.
[    2.181946] PCI: Using ACPI for IRQ routing
[    2.229331] NetLabel: Initializing
[    2.230076] NetLabel:  domain hash size = 128
[    2.231064] NetLabel:  protocols = UNLABELED CIPSOv4 CALIPSO
[    2.237122] NetLabel:  unlabeled traffic allowed by default
[    2.244438] hpet: 3 channels of 0 reserved for per-cpu timers
[    2.246238] hpet0: at MMIO 0xfed00000, IRQs 2, 8, 0
[    2.247171] hpet0: 3 comparators, 64-bit 100.000000 MHz counter
[    2.254122] clocksource: Switched to clocksource tsc-early
[    3.745963] VFS: Disk quotas dquot_6.6.0
[    3.746593] VFS: Dquot-cache hash table entries: 512 (order 0, 4096 bytes)
[    3.749955] pnp: PnP ACPI init
[    3.756567] pnp: PnP ACPI: found 6 devices
[    3.782000] clocksource: acpi_pm: mask: 0xffffff max_cycles: 0xffffff, max_idle_ns: 2085701024 ns
[    3.783198] pci_bus 0000:00: resource 4 [io  0x0000-0x0cf7 window]
[    3.783486] pci_bus 0000:00: resource 5 [io  0x0d00-0xffff window]
[    3.783763] pci_bus 0000:00: resource 6 [mem 0x000a0000-0x000bffff window]
[    3.784177] pci_bus 0000:00: resource 7 [mem 0x32000000-0xfebfffff window]
[    3.784488] pci_bus 0000:00: resource 8 [mem 0x100000000-0x17fffffff window]
[    3.785998] NET: Registered protocol family 2
[    3.793211] tcp_listen_portaddr_hash hash table entries: 512 (order: 1, 8192 bytes, linear)
[    3.793792] TCP established hash table entries: 8192 (order: 4, 65536 bytes, linear)
[    3.794663] TCP bind hash table entries: 8192 (order: 5, 131072 bytes, linear)
[    3.795404] TCP: Hash tables configured (established 8192 bind 8192)
[    3.797135] UDP hash table entries: 512 (order: 2, 16384 bytes, linear)
[    3.797755] UDP-Lite hash table entries: 512 (order: 2, 16384 bytes, linear)
[    3.800264] NET: Registered protocol family 1
[    3.803444] RPC: Registered named UNIX socket transport module.
[    3.803852] RPC: Registered udp transport module.
[    3.804188] RPC: Registered tcp transport module.
[    3.804460] RPC: Registered tcp NFSv4.1 backchannel transport module.
[    3.806783] pci 0000:00:01.0: PIIX3: Enabling Passive Release
[    3.807314] pci 0000:00:00.0: Limiting direct PCI/PCI transfers
[    3.807724] pci 0000:00:01.0: Activating ISA DMA hang workarounds
[    3.808440] pci 0000:00:02.0: Video device with shadowed ROM at [mem 0x000c0000-0x000dffff]
[    3.809101] PCI: CLS 0 bytes, default 64
[    3.815665] Unpacking initramfs...
[    4.544524] Freeing initrd memory: 9828K
[    4.548531] check: Scanning for low memory corruption every 60 seconds
[    4.553590] Initialise system trusted keyrings
[    4.555601] workingset: timestamp_bits=56 max_order=18 bucket_order=0
[    4.580857] NFS: Registering the id_resolver key type
[    4.581393] Key type id_resolver registered
[    4.581634] Key type id_legacy registered
[    4.706662] modprobe (76) used greatest stack depth: 14608 bytes left
[    4.707429] Key type asymmetric registered
[    4.707669] Asymmetric key parser 'x509' registered
[    4.708288] Block layer SCSI generic (bsg) driver version 0.4 loaded (major 251)
[    4.708715] io scheduler mq-deadline registered
[    4.709066] io scheduler kyber registered
[    4.713713] input: Power Button as /devices/LNXSYSTM:00/LNXPWRBN:00/input/input0
[    4.718279] ACPI: Power Button [PWRF]
[    4.722348] Serial: 8250/16550 driver, 4 ports, IRQ sharing enabled
[    4.724833] 00:04: ttyS0 at I/O 0x3f8 (irq = 4, base_baud = 115200) is a 16550A
[    4.731167] Non-volatile memory driver v1.3
[    4.731792] Linux agpgart interface v0.103
[    4.761957] loop: module loaded
[    4.773349] scsi host0: ata_piix
[    4.776275] scsi host1: ata_piix
[    4.777182] ata1: PATA max MWDMA2 cmd 0x1f0 ctl 0x3f6 bmdma 0xc040 irq 14
[    4.777557] ata2: PATA max MWDMA2 cmd 0x170 ctl 0x376 bmdma 0xc048 irq 15
[    4.784182] e100: Intel(R) PRO/100 Network Driver, 3.5.24-k2-NAPI
[    4.784483] e100: Copyright(c) 1999-2006 Intel Corporation
[    4.784862] e1000: Intel(R) PRO/1000 Network Driver - version 7.3.21-k8-NAPI
[    4.785277] e1000: Copyright (c) 1999-2006 Intel Corporation.
[    4.952479] ata2.00: ATAPI: QEMU DVD-ROM, 2.5+, max UDMA/100
[    4.976439] scsi 1:0:0:0: CD-ROM            QEMU     QEMU DVD-ROM     2.5+ PQ: 0 ANSI: 5
[    5.007445] sr 1:0:0:0: [sr0] scsi3-mmc drive: 4x/4x cd/rw xa/form2 tray
[    5.008110] cdrom: Uniform CD-ROM driver Revision: 3.20
[    5.017000] sr 1:0:0:0: Attached scsi generic sg0 type 5
[    5.102218] PCI Interrupt Link [LNKC] enabled at IRQ 11
[    5.413483] e1000 0000:00:03.0 eth0: (PCI:33MHz:32-bit) 52:54:00:12:34:56
[    5.414110] e1000 0000:00:03.0 eth0: Intel(R) PRO/1000 Network Connection
[    5.414975] e1000e: Intel(R) PRO/1000 Network Driver - 3.2.6-k
[    5.415375] e1000e: Copyright(c) 1999 - 2015 Intel Corporation.
[    5.415816] sky2: driver version 1.30
[    5.417552] ehci_hcd: USB 2.0 'Enhanced' Host Controller (EHCI) Driver
[    5.417899] ehci-pci: EHCI PCI platform driver
[    5.418457] ohci_hcd: USB 1.1 'Open' Host Controller (OHCI) Driver
[    5.418855] ohci-pci: OHCI PCI platform driver
[    5.419428] uhci_hcd: USB Universal Host Controller Interface driver
[    5.420338] usbcore: registered new interface driver usblp
[    5.420734] usbcore: registered new interface driver usb-storage
[    5.421861] i8042: PNP: PS/2 Controller [PNP0303:KBD,PNP0f13:MOU] at 0x60,0x64 irq 1,12
[    5.425497] serio: i8042 KBD port at 0x60,0x64 irq 1
[    5.426010] serio: i8042 AUX port at 0x60,0x64 irq 12
[    5.431461] input: AT Translated Set 2 keyboard as /devices/platform/i8042/serio0/input/input1
[    5.432755] rtc_cmos 00:05: RTC can wake from S4
[    5.442397] rtc_cmos 00:05: registered as rtc0
[    5.443401] rtc_cmos 00:05: alarms up to one day, y3k, 242 bytes nvram, hpet irqs
[    5.445507] device-mapper: ioctl: 4.42.0-ioctl (2020-02-27) initialised: dm-devel@redhat.com
[    5.446598] hid: raw HID events driver (C) Jiri Kosina
[    5.449176] usbcore: registered new interface driver usbhid
[    5.449450] usbhid: USB HID core driver
[    5.461795] Initializing XFRM netlink socket
[    5.464171] NET: Registered protocol family 10
[    5.472370] Segment Routing with IPv6
[    5.475780] sit: IPv6, IPv4 and MPLS over IPv4 tunneling driver
[    5.479775] NET: Registered protocol family 17
[    5.481436] Key type dns_resolver registered
[    5.483623] IPI shorthand broadcast: enabled
[    5.484193] sched_clock: Marking stable (5441434525, 42597928)->(5549881766, -65849313)
[    5.486762] registered taskstats version 1
[    5.487061] Loading compiled-in X.509 certificates
[    5.492666] PM:   Magic number: 4:990:738
[    5.493519] printk: console [netcon0] enabled
[    5.493763] netconsole: network logging started
[    5.496749] cfg80211: Loading compiled-in X.509 certificates for regulatory database
[    5.596359] tsc: Refined TSC clocksource calibration: 2491.874 MHz
[    5.596803] clocksource: tsc: mask: 0xffffffffffffffff max_cycles: 0x23eb3d70a61, max_idle_ns: 440795309486 ns
[    5.597585] clocksource: Switched to clocksource tsc
[    5.662182] cfg80211: Loaded X.509 cert 'sforshee: 00b28ddf47aef9cea7'
[    5.664327] platform regulatory.0: Direct firmware load for regulatory.db failed with error -2
[    5.664929] cfg80211: failed to load regulatory.db
[    5.666446] ALSA device list:
[    5.666655]   No soundcards found.
[    5.724118] Freeing unused kernel image (initmem) memory: 1168K
[    5.727454] Write protecting the kernel read-only data: 20480k
[    5.732026] Freeing unused kernel image (text/rodata gap) memory: 2040K
[    5.733733] Freeing unused kernel image (rodata/data gap) memory: 760K
[    5.734395] Run /init as init process
mount: /proc: must be superuser to use mount.
mount: /sys: must be superuser to use mount.
mount: /dev: must be superuser to use mount.
mount: /run: must be superuser to use mount.
[    6.075251] input: ImExPS/2 Generic Explorer Mouse as /devices/platform/i8042/serio1/input/input3
/init: line 13: can't open /proc/cmdline: no such file
:: running early hook [udev]
Warning: /lib/modules/5.6.0-10592-g762bd2830afe/modules.devname not found - ignoring
[    6.493709] systemd-tmpfile (97) used greatest stack depth: 14552 bytes left
Failed to parse kernel command line, ignoring: No such file or directory
Starting version 246.6-1-arch
:: running hook [udev]
:: Triggering uevents...
Failed to scan subsystems: No such file or directory
Failed to scan devices: No such file or directory
ERROR: device '' not found. Skipping fsck.
:: mounting '' on real root
mount: /new_root: mount failed: Operation not permitted.
You are now being dropped into an emergency shell.
sh: can't access tty; job control turned off
[rootfs ]#
